// Jest Snapshot v1, https://goo.gl/fbAQLP

exports[`RunCommandRoutine bootstrap() errors if \`forceConfigOption\` is not a boolean 1`] = `"Invalid RunCommandRoutine field \\"forceConfigOption\\". Must be a boolean."`;

exports[`RunCommandRoutine bootstrap() errors if \`workspaceRoot\` is not a string 1`] = `"Invalid RunCommandRoutine field \\"workspaceRoot\\". Must be a string."`;

exports[`RunCommandRoutine getAdditionalArgs() errors if a double quoted value is passed 1`] = `"--parallel option does not support nested quoted values."`;

exports[`RunCommandRoutine getAdditionalArgs() errors if a single quoted value is passed 1`] = `"--parallel option does not support nested quoted values."`;
