// Jest Snapshot v1, https://goo.gl/fbAQLP

exports[`RunCommandRoutine getAdditionalArgs() errors if a double quoted value is passed 1`] = `"--parallel option does not support nested quoted values."`;

exports[`RunCommandRoutine getAdditionalArgs() errors if a single quoted value is passed 1`] = `"--parallel option does not support nested quoted values."`;
