// Jest Snapshot v1, https://goo.gl/fbAQLP

exports[`DriverContext addDriverDependency() errors when not a driver 1`] = `"Invalid driver. Must be an instance of \`Driver\`."`;
