// Jest Snapshot v1, https://goo.gl/fbAQLP

exports[`Config errors if no module 1`] = `"Invalid Config field \\"module\\". String cannot be empty."`;
