// Jest Snapshot v1, https://goo.gl/fbAQLP

exports[`ExecuteScriptRoutine loadScript() errors when neither file path or module can be loaded 1`] = `
"Failed to load script, the following errors occurred:
Script \\"Missing.js\\" missing!
Script \\"missing\\" missing!"
`;
