// Jest Snapshot v1, https://goo.gl/fbAQLP

exports[`Script task() errors if not a function 1`] = `"Tasks require an action function."`;
